1113-no-layout.rxn
{
    "root": {
        "nodes": [
            {
                "$ref": "mol0"
            },
            {
                "$ref": "mol1"
            },
            {
                "$ref": "mol2"
            },
            {
                "$ref": "mol3"
            },
            {
                "$ref": "mol4"
            },
            {
                "$ref": "mol5"
            },
            {
                "$ref": "mol6"
            },
            {
                "$ref": "mol7"
            },
            {
                "type": "plus",
                "location": [
                    5.901083469390869,
                    0.0,
                    0.0
                ]
            },
            {
                "type": "plus",
                "location": [
                    13.702167510986329,
                    0.0,
                    0.0
                ]
            },
            {
                "type": "plus",
                "location": [
                    17.502166748046876,
                    0.0,
                    0.0
                ]
            },
            {
                "type": "plus",
                "location": [
                    21.302165985107427,
                    0.0,
                    0.0
                ]
            },
            {
                "type": "plus",
                "location": [
                    26.102184295654298,
                    0.0,
                    0.0
                ]
            },
            {
                "type": "plus",
                "location": [
                    35.7059440612793,
                    0.0,
                    0.0
                ]
            },
            {
                "type": "arrow",
                "data": {
                    "mode": "open-angle",
                    "pos": [
                        {
                            "x": 29.70220375061035,
                            "y": 0.0,
                            "z": 0.0
                        },
                        {
                            "x": 30.30220222473145,
                            "y": 0.0,
                            "z": 0.0
                        }
                    ]
                }
            }
        ]
    },
    "mol0": {
        "type": "molecule",
        "atoms": [
            {
                "label": "C",
                "location": [
                    1.5023635625839234,
                    0.8676860332489014,
                    0.0
                ]
            },
            {
                "label": "C",
                "location": [
                    3.0010616779327394,
                    0.0030012130737304689,
                    0.0
                ]
            },
            {
                "label": "C",
                "location": [
                    2.5030517578125,
                    0.8673515319824219,
                    0.0
                ]
            },
            {
                "label": "C",
                "location": [
                    2.500718593597412,
                    -0.8640168309211731,
                    0.0
                ]
            },
            {
                "label": "C",
                "location": [
                    1.0000206232070926,
                    -0.002666711807250977,
                    0.0
                ]
            },
            {
                "label": "C",
                "location": [
                    1.50503146648407,
                    -0.8656835556030273,
                    0.0
                ]
            },
            {
                "label": "C",
                "location": [
                    1.0023539066314698,
                    1.7337028980255128,
                    0.0
                ]
            },
            {
                "label": "C",
                "location": [
                    1.0083551406860352,
                    -1.7337028980255128,
                    0.0
                ]
            },
            {
                "label": "C",
                "location": [
                    0.0,
                    -0.005331993103027344,
                    0.0
                ]
            },
            {
                "label": "C",
                "location": [
                    4.0010833740234379,
                    0.002666711807250977,
                    0.0
                ]
            }
        ],
        "bonds": [
            {
                "type": 2,
                "atoms": [
                    2,
                    0
                ]
            },
            {
                "type": 2,
                "atoms": [
                    3,
                    1
                ]
            },
            {
                "type": 1,
                "atoms": [
                    0,
                    4
                ]
            },
            {
                "type": 1,
                "atoms": [
                    1,
                    2
                ]
            },
            {
                "type": 2,
                "atoms": [
                    4,
                    5
                ]
            },
            {
                "type": 1,
                "atoms": [
                    5,
                    3
                ]
            },
            {
                "type": 1,
                "atoms": [
                    0,
                    6
                ]
            },
            {
                "type": 1,
                "atoms": [
                    5,
                    7
                ]
            },
            {
                "type": 1,
                "atoms": [
                    4,
                    8
                ]
            },
            {
                "type": 1,
                "atoms": [
                    1,
                    9
                ]
            }
        ]
    },
    "mol1": {
        "type": "molecule",
        "atoms": [
            {
                "label": "C",
                "location": [
                    9.303446769714356,
                    0.8676860332489014,
                    0.0
                ]
            },
            {
                "label": "C",
                "location": [
                    10.80214500427246,
                    0.0030012130737304689,
                    0.0
                ]
            },
            {
                "label": "C",
                "location": [
                    10.3041353225708,
                    0.8673515319824219,
                    0.0
                ]
            },
            {
                "label": "C",
                "location": [
                    10.301801681518557,
                    -0.8640168309211731,
                    0.0
                ]
            },
            {
                "label": "C",
                "location": [
                    8.801104545593262,
                    -0.002666711807250977,
                    0.0
                ]
            },
            {
                "label": "C",
                "location": [
                    9.30611515045166,
                    -0.8656835556030273,
                    0.0
                ]
            },
            {
                "label": "C",
                "location": [
                    8.803437232971192,
                    1.7337028980255128,
                    0.0
                ]
            },
            {
                "label": "C",
                "location": [
                    8.809438705444336,
                    -1.7337028980255128,
                    0.0
                ]
            },
            {
                "label": "C",
                "location": [
                    7.801083564758301,
                    -0.005331993103027344,
                    0.0
                ]
            },
            {
                "label": "C",
                "location": [
                    11.80216693878174,
                    0.002666711807250977,
                    0.0
                ]
            }
        ],
        "bonds": [
            {
                "type": 2,
                "atoms": [
                    2,
                    0
                ]
            },
            {
                "type": 2,
                "atoms": [
                    3,
                    1
                ]
            },
            {
                "type": 1,
                "atoms": [
                    0,
                    4
                ]
            },
            {
                "type": 1,
                "atoms": [
                    1,
                    2
                ]
            },
            {
                "type": 2,
                "atoms": [
                    4,
                    5
                ]
            },
            {
                "type": 1,
                "atoms": [
                    5,
                    3
                ]
            },
            {
                "type": 1,
                "atoms": [
                    0,
                    6
                ]
            },
            {
                "type": 1,
                "atoms": [
                    5,
                    7
                ]
            },
            {
                "type": 1,
                "atoms": [
                    4,
                    8
                ]
            },
            {
                "type": 1,
                "atoms": [
                    1,
                    9
                ]
            }
        ]
    },
    "mol2": {
        "type": "molecule",
        "atoms": [
            {
                "label": "O",
                "location": [
                    15.602167129516602,
                    0.0,
                    0.0
                ]
            }
        ],
        "bonds": []
    },
    "mol3": {
        "type": "molecule",
        "atoms": [
            {
                "label": "O",
                "location": [
                    19.40216636657715,
                    0.0,
                    0.0
                ]
            }
        ],
        "bonds": []
    },
    "mol4": {
        "type": "molecule",
        "atoms": [
            {
                "label": "O",
                "location": [
                    23.202165603637697,
                    0.0,
                    0.0
                ],
                "charge": 2
            },
            {
                "label": "O",
                "location": [
                    24.202184677124025,
                    0.0,
                    0.0
                ]
            }
        ],
        "bonds": [
            {
                "type": 2,
                "atoms": [
                    0,
                    1
                ]
            }
        ]
    },
    "mol5": {
        "type": "molecule",
        "atoms": [
            {
                "label": "O",
                "location": [
                    28.00218391418457,
                    0.0,
                    0.0
                ]
            },
            {
                "label": "O",
                "location": [
                    29.0022029876709,
                    0.0,
                    0.0
                ]
            }
        ],
        "bonds": [
            {
                "type": 2,
                "atoms": [
                    0,
                    1
                ]
            }
        ]
    },
    "mol6": {
        "type": "molecule",
        "atoms": [
            {
                "label": "C",
                "location": [
                    33.00724411010742,
                    0.8676860332489014,
                    0.0
                ]
            },
            {
                "label": "C",
                "location": [
                    34.50594329833985,
                    0.0030012130737304689,
                    0.0
                ]
            },
            {
                "label": "C",
                "location": [
                    34.007930755615237,
                    0.8673515319824219,
                    0.0
                ]
            },
            {
                "label": "C",
                "location": [
                    34.00559997558594,
                    -0.8640168309211731,
                    0.0
                ]
            },
            {
                "label": "C",
                "location": [
                    32.50490188598633,
                    -0.002666711807250977,
                    0.0
                ]
            },
            {
                "label": "C",
                "location": [
                    33.009910583496097,
                    -0.8656835556030273,
                    0.0
                ]
            },
            {
                "label": "C",
                "location": [
                    32.51323699951172,
                    -1.7337028980255128,
                    0.0
                ]
            },
            {
                "label": "C",
                "location": [
                    31.504880905151368,
                    -0.005331993103027344,
                    0.0
                ]
            },
            {
                "label": "O",
                "location": [
                    31.0022029876709,
                    0.859018087387085,
                    0.0
                ]
            },
            {
                "label": "O",
                "location": [
                    31.0072021484375,
                    -0.873016893863678,
                    0.0
                ]
            },
            {
                "label": "C",
                "location": [
                    32.50723648071289,
                    1.7337028980255128,
                    0.0
                ]
            }
        ],
        "bonds": [
            {
                "type": 2,
                "atoms": [
                    2,
                    0
                ]
            },
            {
                "type": 2,
                "atoms": [
                    3,
                    1
                ]
            },
            {
                "type": 1,
                "atoms": [
                    0,
                    4
                ]
            },
            {
                "type": 1,
                "atoms": [
                    1,
                    2
                ]
            },
            {
                "type": 2,
                "atoms": [
                    4,
                    5
                ]
            },
            {
                "type": 1,
                "atoms": [
                    5,
                    3
                ]
            },
            {
                "type": 1,
                "atoms": [
                    5,
                    6
                ]
            },
            {
                "type": 1,
                "atoms": [
                    4,
                    7
                ]
            },
            {
                "type": 2,
                "atoms": [
                    7,
                    8
                ]
            },
            {
                "type": 1,
                "atoms": [
                    7,
                    9
                ]
            },
            {
                "type": 1,
                "atoms": [
                    0,
                    10
                ]
            }
        ]
    },
    "mol7": {
        "type": "molecule",
        "atoms": [
            {
                "label": "C",
                "location": [
                    38.91098403930664,
                    0.8676860332489014,
                    0.0
                ]
            },
            {
                "label": "C",
                "location": [
                    40.40968322753906,
                    0.0030012130737304689,
                    0.0
                ]
            },
            {
                "label": "C",
                "location": [
                    39.91167449951172,
                    0.8673515319824219,
                    0.0
                ]
            },
            {
                "label": "C",
                "location": [
                    39.90933990478516,
                    -0.8640168309211731,
                    0.0
                ]
            },
            {
                "label": "C",
                "location": [
                    38.40864562988281,
                    -0.002666711807250977,
                    0.0
                ]
            },
            {
                "label": "C",
                "location": [
                    38.91365432739258,
                    -0.8656835556030273,
                    0.0
                ]
            },
            {
                "label": "C",
                "location": [
                    38.41697692871094,
                    -1.7337028980255128,
                    0.0
                ]
            },
            {
                "label": "C",
                "location": [
                    37.40862274169922,
                    -0.005331993103027344,
                    0.0
                ]
            },
            {
                "label": "O",
                "location": [
                    36.90594482421875,
                    0.859018087387085,
                    0.0
                ]
            },
            {
                "label": "O",
                "location": [
                    36.91094207763672,
                    -0.873016893863678,
                    0.0
                ]
            },
            {
                "label": "C",
                "location": [
                    38.41097640991211,
                    1.7337028980255128,
                    0.0
                ]
            }
        ],
        "bonds": [
            {
                "type": 2,
                "atoms": [
                    2,
                    0
                ]
            },
            {
                "type": 2,
                "atoms": [
                    3,
                    1
                ]
            },
            {
                "type": 1,
                "atoms": [
                    0,
                    4
                ]
            },
            {
                "type": 1,
                "atoms": [
                    1,
                    2
                ]
            },
            {
                "type": 2,
                "atoms": [
                    4,
                    5
                ]
            },
            {
                "type": 1,
                "atoms": [
                    5,
                    3
                ]
            },
            {
                "type": 1,
                "atoms": [
                    5,
                    6
                ]
            },
            {
                "type": 1,
                "atoms": [
                    4,
                    7
                ]
            },
            {
                "type": 2,
                "atoms": [
                    7,
                    8
                ]
            },
            {
                "type": 1,
                "atoms": [
                    7,
                    9
                ]
            },
            {
                "type": 1,
                "atoms": [
                    0,
                    10
                ]
            }
        ]
    }
}
